NOvi tekst.
1. $ git pull
2. make changes i files
		$ git status
		# On branch master
		# Changes not staged for commit:
		#   (use "git add <file>..." to update what will be committed)
		#   (use "git checkout -- <file>..." to discard changes in working directory)
		#
		#       modified:   dir11/new1.txt
		#
		no changes added to commit (use "git add" and/or "git commit -a")
3. git commit -a -m "stage changes .. "
		$ git status
		# On branch master
		# Your branch is ahead of 'origin/master' by 1 commit.
		#
		nothing to commit (working directory clean)
4. ponovi 2 i 3 vise puta ako treba		
		$ git status
		# On branch master
		# Your branch is ahead of 'origin/master' by 3 commits.    (AKO 3 puta 2. i 3.)!!
		#
		nothing to commit (working directory clean)
5. git push      .. na kraju push on remote repository
